Microchip MPLAB XC8 Compiler V2.20

Linker command line:

-W-3 --edf=C:\Program Files\Microchip\xc8\v2.20\pic\dat\en_msgs.txt -cn \
  -h+dist/default/production\balancin.X.production.sym \
  --cmf=dist/default/production\balancin.X.production.cmf -z -Q18F4550 \
  -oC:\Users\kiqMC\AppData\Local\Temp\s698.2 \
  -Mdist/default/production/balancin.X.production.map -E1 -ver=XC8 Compiler \
  --acfsm=1493 -ASTACK=01F8h-07FFh -pstack=STACK -ACODE=00h-07FFFh \
  -ACONST=00h-07FFFh -ASMALLCONST=0800h-08FFhx120 \
  -AMEDIUMCONST=0800h-07FFFh -ACOMRAM=01h-05Fh -AABS1=00h-07FFh \
  -ABIGRAM=01h-07FFh -ARAM=060h-0FFh,0100h-01FFhx7 -ABANK0=060h-0FFh \
  -ABANK1=0100h-01FFh -ABANK2=0200h-02FFh -ABANK3=0300h-03FFh \
  -ABANK4=0400h-04FFh -ABANK5=0500h-05FFh -ABANK6=0600h-06FFh \
  -ABANK7=0700h-07FFh -ASFR=0F60h-0FFFh -ACONFIG=0300000h-030000Dh \
  -AIDLOC=0200000h-0200007h \
  -preset_vec=00h,intcode=08h,intcodelo,powerup,init -pramtop=0800h \
  -psmallconst=SMALLCONST -pmediumconst=MEDIUMCONST -pconst=CONST \
  -AFARRAM=00h-00h -AEEDATA=0F00000h-0F000FFh -peeprom_data=EEDATA \
  -prdata=COMRAM,nvrram=COMRAM,nvbit=COMRAM,rbss=COMRAM,rbit=COMRAM \
  -pfarbss=FARRAM,fardata=FARRAM,nvFARRAM=FARRAM \
  -pintsave_regs=BIGRAM,bigbss=BIGRAM,bigdata=BIGRAM -pbss=RAM \
  -pidata=CODE,irdata=CODE,ibigdata=CODE,ifardata=CODE -prparam=COMRAM \
  C:\Users\kiqMC\AppData\Local\Temp\s698.o \
  dist/default/production\balancin.X.production.o 

Object code version is 3.11

Machine type is 18F4550



                Name                               Link     Load   Length Selector   Space Scale
C:\Users\kiqMC\AppData\Local\Temp\s698.o
                idloc                            200000   200000        8        0       5
                config                           300000   300000        E        0       4
                init                                  E        E        4        4       0
                reset_vec                             0        0        4        0       0
dist/default/production\balancin.X.production.o
                intcode                               8        8        6        4       0
                idloc                            200000   200000        8        0       5
                config                           300000   300000        E        0       4
                temp                                 5F       5F        1        1       1
                smallconst                          800      800       4A      400       0
                text48                             2F32     2F32      39A      425       0
                text47                             276C     276C      42A      425       0
                text46                             1E80     1E80      4C0      425       0
                text45                             51A0     51A0       46      425       0
                text44                             45D8     45D8      108      425       0
                text43                             3E98     3E98      1B4      425       0
                intcode_body                       3868     3868      262      425       0
                text41                             5342     5342       2E      425       0
                text40                             5370     5370       2C      425       0
                text39                             4FC6     4FC6       56      425       0
                text38                             4E9E     4E9E       68      425       0
                text37                             50C2     50C2       4E      425       0
                text36                             4C1A     4C1A       BC      425       0
                text35                             5310     5310       32      425       0
                text34                             3CE0     3CE0      1B8      425       0
                text33                             539C     539C       28      425       0
                text32                             52D6     52D6       3A      425       0
                text31                             501C     501C       54      425       0
                text30                             404C     404C      194      425       0
                text29                             41E0     41E0      18A      425       0
                text28                             436A     436A      166      425       0
                text27                             51E6     51E6       42      425       0
                text26                             53EA     53EA        2      425       0
                text25                             49BE     49BE       CC      425       0
                text24                             5158     5158       48      425       0
                text23                             529C     529C       3A      425       0
                text22                             4A8A     4A8A       CA      425       0
                text21                             32CC     32CC      2E4      425       0
                text20                             4B54     4B54       C6      425       0
                text19                             4CD6     4CD6       B2      425       0
                text18                             2B96     2B96      39C      425       0
                text17                             4D88     4D88       AC      425       0
                text16                             46E0     46E0      106      425       0
                text15                             2340     2340      42C      425       0
                text14                             5262     5262       3A      425       0
                text13                             19BE     19BE      4C2      425       0
                text12                             5110     5110       48      425       0
                text11                             44D0     44D0      108      425       0
                text10                             47E6     47E6      100      425       0
                text9                              3ACA     3ACA      216      425       0
                text8                              4F68     4F68       5E      425       0
                text7                              5228     5228       3A      425       0
                text6                              4F06     4F06       62      425       0
                text5                               84A      84A      C2C      425       0
                text4                              48E6     48E6       D8      425       0
                text3                              1476     1476      548      425       0
                text2                              4E34     4E34       6A      425       0
                text1                              5070     5070       52      425       0
                text0                              35B0     35B0      2B8      425       0
                cstackCOMRAM                          1        1       5E        1       1
                cstackBANK0                          60       60       7D       60       1
                cstackBANK1                         18C      18C       6C      100       1
                bssBANK1                            100      100       8C      100       1
                bssBANK0                             DD       DD        C       60       1
                cinit                              53C4     53C4       26      425       0

TOTAL           Name                               Link     Load   Length     Space
        CLASS   STACK          

        CLASS   CODE           
                intcode                               8        8        6         0
                init                                  E        E        4         0
                reset_vec                             0        0        4         0
                text48                             2F32     2F32      39A         0
                text47                             276C     276C      42A         0
                text46                             1E80     1E80      4C0         0
                text45                             51A0     51A0       46         0
                text44                             45D8     45D8      108         0
                text43                             3E98     3E98      1B4         0
                intcode_body                       3868     3868      262         0
                text41                             5342     5342       2E         0
                text40                             5370     5370       2C         0
                text39                             4FC6     4FC6       56         0
                text38                             4E9E     4E9E       68         0
                text37                             50C2     50C2       4E         0
                text36                             4C1A     4C1A       BC         0
                text35                             5310     5310       32         0
                text34                             3CE0     3CE0      1B8         0
                text33                             539C     539C       28         0
                text32                             52D6     52D6       3A         0
                text31                             501C     501C       54         0
                text30                             404C     404C      194         0
                text29                             41E0     41E0      18A         0
                text28                             436A     436A      166         0
                text27                             51E6     51E6       42         0
                text26                             53EA     53EA        2         0
                text25                             49BE     49BE       CC         0
                text24                             5158     5158       48         0
                text23                             529C     529C       3A         0
                text22                             4A8A     4A8A       CA         0
                text21                             32CC     32CC      2E4         0
                text20                             4B54     4B54       C6         0
                text19                             4CD6     4CD6       B2         0
                text18                             2B96     2B96      39C         0
                text17                             4D88     4D88       AC         0
                text16                             46E0     46E0      106         0
                text15                             2340     2340      42C         0
                text14                             5262     5262       3A         0
                text13                             19BE     19BE      4C2         0
                text12                             5110     5110       48         0
                text11                             44D0     44D0      108         0
                text10                             47E6     47E6      100         0
                text9                              3ACA     3ACA      216         0
                text8                              4F68     4F68       5E         0
                text7                              5228     5228       3A         0
                text6                              4F06     4F06       62         0
                text5                               84A      84A      C2C         0
                text4                              48E6     48E6       D8         0
                text3                              1476     1476      548         0
                text2                              4E34     4E34       6A         0
                text1                              5070     5070       52         0
                text0                              35B0     35B0      2B8         0
                cinit                              53C4     53C4       26         0

        CLASS   CONST          

        CLASS   SMALLCONST     
                smallconst                          800      800       4A         0

        CLASS   MEDIUMCONST    

        CLASS   COMRAM         
                temp                                 5F       5F        1         1
                cstackCOMRAM                          1        1       5E         1

        CLASS   ABS1           

        CLASS   BIGRAM         

        CLASS   RAM            

        CLASS   BANK0          
                cstackBANK0                          60       60       7D         1
                bssBANK0                             DD       DD        C         1

        CLASS   BANK1          
                cstackBANK1                         18C      18C       6C         1
                bssBANK1                            100      100       8C         1

        CLASS   BANK2          

        CLASS   BANK3          

        CLASS   BANK4          

        CLASS   BANK5          

        CLASS   BANK6          

        CLASS   BANK7          

        CLASS   SFR            

        CLASS   CONFIG         
                config                           300000   300000        E         4

        CLASS   IDLOC          
                idloc                            200000   200000        8         5

        CLASS   FARRAM         

        CLASS   EEDATA         



SEGMENTS        Name                           Load    Length   Top    Selector   Space  Class

                reset_vec                      000000  000004  000004         0       0  CODE    
                cstackCOMRAM                   000001  00005F  000060         1       1  COMRAM  
                intcode                        000008  00000A  000012         4       0  CODE    
                cstackBANK0                    000060  000089  0000E9        60       1  BANK0   
                bssBANK1                       000100  0000F8  0001F8       100       1  BANK1   
                smallconst                     000800  00004A  00084A       400       0  SMALLCON
                text5                          00084A  004BA2  0053EC       425       0  CODE    


UNUSED ADDRESS RANGES

        Name                Unused          Largest block    Delta
        BANK0            0000E9-0000FF               17
        BANK1            0001F8-0001FF                8
        BANK2            000200-0002FF              100
        BANK3            000300-0003FF              100
        BANK4            000400-0004FF              100
        BANK5            000500-0005FF              100
        BANK6            000600-0006FF              100
        BANK7            000700-0007FF              100
        BIGRAM           0000E9-0000FF               17
                         0001F8-0007FF              608
        CODE             000004-000007                4
                         000012-0007FF              7EE
                         0053EC-007FFF             2C14
        CONST            000004-000007                4
                         000012-0007FF              7EE
                         0053EC-007FFF             2C14
        EEDATA           F00000-F000FF              100
        MEDIUMCONST      0053EC-007FFF             2C14
        RAM              0000E9-0000FF               17
                         0001F8-0007FF              100
        SFR              000F60-000FFF               A0
        SMALLCONST       0053EC-007FFF              100
        STACK            0001F8-0007FF              608

                                  Symbol Table

?_ADC_LECTURA            cstackBANK0  00006E
?___aodiv                cstackBANK0  00006E
?___aomod                cstackBANK0  00006E
?___awdiv                cstackBANK0  00006E
?___awmod                cstackBANK0  00006E
?___fladd                cstackBANK0  00006E
?___fldiv                cstackBANK0  000098
?___flmul                cstackBANK0  00007F
?___flneg                cstackBANK0  00006E
?___flsub                cstackBANK0  000098
?___fltol                cstackBANK0  00006E
?___fpclassifyf          cstackBANK0  00006E
?___wmul                 cstackBANK0  00006E
?___xxtofl               cstackBANK0  000071
?_abs                    cstackBANK0  000080
?_atoi                   cstackBANK0  000075
?_dtoa                   cstackBANK0  000089
?_efgtoa                 cstackBANK0  0000C5
?_floorf                 cstackBANK0  0000B1
?_isdigit                cstackBANK0  00006E
?_isspace                cstackBANK0  00006E
?_isupper                cstackBANK0  00006E
?_pad                    cstackBANK0  00007E
?_sprintf                cstackBANK1  0001DE
?_strlen                 cstackBANK0  00006E
?_strncmp                cstackBANK0  00006E
?_tolower                cstackBANK0  000074
?_vfpfcnvrt              cstackBANK0  0000D1
?_vfprintf               cstackBANK1  0001D8
?i2___fladd              cstackCOMRAM 000041
?i2___fldiv              cstackCOMRAM 000028
?i2___flmul              cstackCOMRAM 00000F
?i2___flsub              cstackCOMRAM 000051
?i2___fltol              cstackCOMRAM 000059
?i2___xxtofl             cstackCOMRAM 000001
ADC_LECTURA@canal        cstackBANK0  00006E
LCD_Cadena@dato          cstackBANK0  00006F
LCD_Comando@cmd          cstackBANK0  00006E
LCD_Data@data            cstackBANK0  00006E
LCD_XY@x                 cstackBANK0  00006F
LCD_XY@y                 cstackBANK0  000071
_ADCON0bits              (abs)        000FC2
_ADCON1bits              (abs)        000FC1
_ADCON2bits              (abs)        000FC0
_ADC_LECTURA             text41       005342
_ADC_config              text40       005370
_ADRES                   (abs)        000FC3
_INTCON2bits             (abs)        000FF1
_INTCONbits              (abs)        000FF2
_LATBbits                (abs)        000F8A
_LATDbits                (abs)        000F8C
_LCD_Cadena              text38       004E9E
_LCD_Comando             text37       0050C2
_LCD_Data                text39       004FC6
_LCD_Init                text36       004C1A
_LCD_XY                  text35       005310
_PORTD                   (abs)        000F83
_RCONbits                (abs)        000FD0
_T0CON                   (abs)        000FD5
_TMR0                    (abs)        000FD6
_TMR0IF                  (abs)        007F92
_TRISAbits               (abs)        000F92
_TRISBbits               (abs)        000F93
_TRISD                   (abs)        000F95
_TRISDbits               (abs)        000F95
__HRAM                   (abs)        000000
__Habs1                  abs1         000000
__Hbank0                 bank0        000000
__Hbank1                 bank1        000000
__Hbank2                 bank2        000000
__Hbank3                 bank3        000000
__Hbank4                 bank4        000000
__Hbank5                 bank5        000000
__Hbank6                 bank6        000000
__Hbank7                 bank7        000000
__Hbigbss                bigbss       000000
__Hbigdata               bigdata      000000
__Hbigram                bigram       000000
__Hbss                   bss          000000
__HbssBANK0              bssBANK0     000000
__HbssBANK1              bssBANK1     000000
__Hcinit                 cinit        000000
__Hclrtext               clrtext      000000
__Hcomram                comram       000000
__Hconfig                config       30000E
__Hconst                 const        000000
__HcstackBANK0           cstackBANK0  000000
__HcstackBANK1           cstackBANK1  000000
__HcstackCOMRAM          cstackCOMRAM 000000
__Hdata                  data         000000
__Heeprom_data           eeprom_data  000000
__Hfarbss                farbss       000000
__Hfardata               fardata      000000
__Hibigdata              ibigdata     000000
__Hidata                 idata        000000
__Hidloc                 idloc        200008
__Hifardata              ifardata     000000
__Hinit                  init         000012
__Hintcode               intcode      00000E
__Hintcode_body          intcode_body 000000
__Hintcodelo             intcodelo    00000E
__Hintentry              intentry     000000
__Hintret                intret       000000
__Hintsave_regs          intsave_regs 000000
__Hirdata                irdata       000000
__Hmediumconst           mediumconst  000000
__HnvFARRAM              nvFARRAM     000000
__Hnvbit                 nvbit        000000
__Hnvrram                nvrram       000000
__Hparam                 rparam       000000
__Hpowerup               powerup      00000E
__Hram                   ram          000000
__Hramtop                ramtop       000800
__Hrbit                  rbit         000000
__Hrbss                  rbss         000000
__Hrdata                 rdata        000000
__Hreset_vec             reset_vec    000004
__Hrparam                rparam       000000
__Hsfr                   sfr          000000
__Hsmallconst            smallconst   00084A
__Hspace_0               (abs)        0053EC
__Hspace_1               (abs)        0001F8
__Hspace_2               (abs)        000000
__Hspace_4               (abs)        60000E
__Hstack                 stack        000000
__Hstruct                struct       000000
__Htemp                  temp         000060
__Htext                  text         000000
__Htext0                 text0        000000
__Htext1                 text1        000000
__Htext10                text10       000000
__Htext11                text11       000000
__Htext12                text12       000000
__Htext13                text13       000000
__Htext14                text14       000000
__Htext15                text15       000000
__Htext16                text16       000000
__Htext17                text17       000000
__Htext18                text18       000000
__Htext19                text19       000000
__Htext2                 text2        000000
__Htext20                text20       000000
__Htext21                text21       000000
__Htext22                text22       000000
__Htext23                text23       000000
__Htext24                text24       000000
__Htext25                text25       000000
__Htext26                text26       000000
__Htext27                text27       000000
__Htext28                text28       000000
__Htext29                text29       000000
__Htext3                 text3        000000
__Htext30                text30       000000
__Htext31                text31       000000
__Htext32                text32       000000
__Htext33                text33       000000
__Htext34                text34       000000
__Htext35                text35       000000
__Htext36                text36       000000
__Htext37                text37       000000
__Htext38                text38       000000
__Htext39                text39       000000
__Htext4                 text4        000000
__Htext40                text40       000000
__Htext41                text41       000000
__Htext43                text43       000000
__Htext44                text44       000000
__Htext45                text45       000000
__Htext46                text46       000000
__Htext47                text47       000000
__Htext48                text48       000000
__Htext5                 text5        000000
__Htext6                 text6        000000
__Htext7                 text7        000000
__Htext8                 text8        000000
__Htext9                 text9        000000
__LRAM                   (abs)        000001
__Labs1                  abs1         000000
__Lbank0                 bank0        000000
__Lbank1                 bank1        000000
__Lbank2                 bank2        000000
__Lbank3                 bank3        000000
__Lbank4                 bank4        000000
__Lbank5                 bank5        000000
__Lbank6                 bank6        000000
__Lbank7                 bank7        000000
__Lbigbss                bigbss       000000
__Lbigdata               bigdata      000000
__Lbigram                bigram       000000
__Lbss                   bss          000000
__LbssBANK0              bssBANK0     000000
__LbssBANK1              bssBANK1     000000
__Lcinit                 cinit        000000
__Lclrtext               clrtext      000000
__Lcomram                comram       000000
__Lconfig                config       000000
__Lconst                 const        000000
__LcstackBANK0           cstackBANK0  000000
__LcstackBANK1           cstackBANK1  000000
__LcstackCOMRAM          cstackCOMRAM 000000
__Ldata                  data         000000
__Leeprom_data           eeprom_data  000000
__Lfarbss                farbss       000000
__Lfardata               fardata      000000
__Libigdata              ibigdata     000000
__Lidata                 idata        000000
__Lidloc                 idloc        000000
__Lifardata              ifardata     000000
__Linit                  init         00000E
__Lintcode               intcode      000008
__Lintcode_body          intcode_body 000000
__Lintcodelo             intcodelo    00000E
__Lintentry              intentry     000000
__Lintret                intret       000000
__Lintsave_regs          intsave_regs 000000
__Lirdata                irdata       000000
__Lmediumconst           mediumconst  000000
__LnvFARRAM              nvFARRAM     000000
__Lnvbit                 nvbit        000000
__Lnvrram                nvrram       000000
__Lparam                 rparam       000000
__Lpowerup               powerup      00000E
__Lram                   ram          000000
__Lramtop                ramtop       000800
__Lrbit                  rbit         000000
__Lrbss                  rbss         000000
__Lrdata                 rdata        000000
__Lreset_vec             reset_vec    000000
__Lrparam                rparam       000000
__Lsfr                   sfr          000000
__Lsmallconst            smallconst   000800
__Lspace_0               (abs)        000000
__Lspace_1               (abs)        000000
__Lspace_2               (abs)        000000
__Lspace_4               (abs)        000000
__Lstack                 stack        000000
__Lstruct                struct       000000
__Ltemp                  temp         00005F
__Ltext                  text         000000
__Ltext0                 text0        000000
__Ltext1                 text1        000000
__Ltext10                text10       000000
__Ltext11                text11       000000
__Ltext12                text12       000000
__Ltext13                text13       000000
__Ltext14                text14       000000
__Ltext15                text15       000000
__Ltext16                text16       000000
__Ltext17                text17       000000
__Ltext18                text18       000000
__Ltext19                text19       000000
__Ltext2                 text2        000000
__Ltext20                text20       000000
__Ltext21                text21       000000
__Ltext22                text22       000000
__Ltext23                text23       000000
__Ltext24                text24       000000
__Ltext25                text25       000000
__Ltext26                text26       000000
__Ltext27                text27       000000
__Ltext28                text28       000000
__Ltext29                text29       000000
__Ltext3                 text3        000000
__Ltext30                text30       000000
__Ltext31                text31       000000
__Ltext32                text32       000000
__Ltext33                text33       000000
__Ltext34                text34       000000
__Ltext35                text35       000000
__Ltext36                text36       000000
__Ltext37                text37       000000
__Ltext38                text38       000000
__Ltext39                text39       000000
__Ltext4                 text4        000000
__Ltext40                text40       000000
__Ltext41                text41       000000
__Ltext43                text43       000000
__Ltext44                text44       000000
__Ltext45                text45       000000
__Ltext46                text46       000000
__Ltext47                text47       000000
__Ltext48                text48       000000
__Ltext5                 text5        000000
__Ltext6                 text6        000000
__Ltext7                 text7        000000
__Ltext8                 text8        000000
__Ltext9                 text9        000000
__S0                     (abs)        0053EC
__S1                     (abs)        0001F8
__S2                     (abs)        000000
__S4                     (abs)        000000
__S5                     (abs)        000000
___aodiv                 text29       0041E0
___aodiv@counter         cstackBANK0  00007E
___aodiv@dividend        cstackBANK0  00006E
___aodiv@divisor         cstackBANK0  000076
___aodiv@quotient        cstackBANK0  000080
___aodiv@sign            cstackBANK0  00007F
___aomod                 text28       00436A
___aomod@counter         cstackBANK0  00007E
___aomod@dividend        cstackBANK0  00006E
___aomod@divisor         cstackBANK0  000076
___aomod@sign            cstackBANK0  00007F
___awdiv                 text20       004B54
___awdiv@counter         cstackBANK0  000072
___awdiv@dividend        cstackBANK0  00006E
___awdiv@divisor         cstackBANK0  000070
___awdiv@quotient        cstackBANK0  000074
___awdiv@sign            cstackBANK0  000073
___awmod                 text19       004CD6
___awmod@counter         cstackBANK0  000072
___awmod@dividend        cstackBANK0  00006E
___awmod@divisor         cstackBANK0  000070
___awmod@sign            cstackBANK0  000073
___fladd                 text13       0019BE
___fladd@a               cstackBANK0  000072
___fladd@aexp            cstackBANK0  00007B
___fladd@b               cstackBANK0  00006E
___fladd@bexp            cstackBANK0  00007C
___fladd@grs             cstackBANK0  00007D
___fladd@signs           cstackBANK0  00007A
___fldiv                 text18       002B96
___fldiv@a               cstackBANK0  00009C
___fldiv@aexp            cstackBANK0  0000B0
___fldiv@b               cstackBANK0  000098
___fldiv@bexp            cstackBANK0  0000AF
___fldiv@grs             cstackBANK0  0000AB
___fldiv@new_exp         cstackBANK0  0000A9
___fldiv@rem             cstackBANK0  0000A4
___fldiv@sign            cstackBANK0  0000A8
___fleq                  text17       004D88
___fleq@ff1              cstackBANK0  00006E
___fleq@ff2              cstackBANK0  000072
___flge                  text16       0046E0
___flge@ff1              cstackBANK0  000098
___flge@ff2              cstackBANK0  00009C
___flmul                 text15       002340
___flmul@a               cstackBANK0  000083
___flmul@aexp            cstackBANK0  00008C
___flmul@b               cstackBANK0  00007F
___flmul@bexp            cstackBANK0  000091
___flmul@grs             cstackBANK0  00008D
___flmul@prod            cstackBANK0  000092
___flmul@sign            cstackBANK0  00008B
___flmul@temp            cstackBANK0  000096
___flneg                 text14       005262
___flneg@f1              cstackBANK0  00006E
___flsub                 text12       005110
___flsub@a               cstackBANK0  00009C
___flsub@b               cstackBANK0  000098
___fltol                 text11       0044D0
___fltol@exp1            cstackBANK0  000077
___fltol@f1              cstackBANK0  00006E
___fltol@sign1           cstackBANK0  000076
___fpclassifyf           text10       0047E6
___fpclassifyf@F463      bssBANK1     000104
___fpclassifyf@e         cstackBANK0  000076
___fpclassifyf@u         cstackBANK0  000078
___fpclassifyf@x         cstackBANK0  00006E
___inthi_sp              stack        000000
___intlo_sp              stack        000000
___param_bank            (abs)        000000
___rparam_used           (abs)        000001
___sp                    stack        000000
___wmul                  text33       00539C
___wmul@multiplicand     cstackBANK0  000070
___wmul@multiplier       cstackBANK0  00006E
___wmul@product          cstackBANK0  000072
___xxtofl                text34       003CE0
___xxtofl@arg            cstackBANK0  00007B
___xxtofl@exp            cstackBANK0  00007A
___xxtofl@sign           cstackBANK0  000079
___xxtofl@val            cstackBANK0  000071
__accesstop              (abs)        000060
__activetblptr           (abs)        000002
__end_of_ADC_LECTURA     text41       005370
__end_of_ADC_config      text40       00539C
__end_of_LCD_Cadena      text38       004F06
__end_of_LCD_Comando     text37       005110
__end_of_LCD_Data        text39       00501C
__end_of_LCD_Init        text36       004CD6
__end_of_LCD_XY          text35       005342
__end_of___aodiv         text29       00436A
__end_of___aomod         text28       0044D0
__end_of___awdiv         text20       004C1A
__end_of___awmod         text19       004D88
__end_of___fladd         text13       001E80
__end_of___fldiv         text18       002F32
__end_of___fleq          text17       004E34
__end_of___flge          text16       0047E6
__end_of___flmul         text15       00276C
__end_of___flneg         text14       00529C
__end_of___flsub         text12       005158
__end_of___fltol         text11       0045D8
__end_of___fpclassifyf   text10       0048E6
__end_of___wmul          text33       0053C4
__end_of___xxtofl        text34       003E98
__end_of__initialization cinit        0053DC
__end_of_abs             text27       005228
__end_of_atoi            text30       0041E0
__end_of_dtoa            text21       0035B0
__end_of_efgtoa          text5        001476
__end_of_floorf          text9        003CE0
__end_of_fputc           text25       004A8A
__end_of_fputs           text24       0051A0
__end_of_isdigit         text32       005310
__end_of_isspace         text31       005070
__end_of_isupper         text7        005262
__end_of_main            text0        003868
__end_of_my_isr          intcode_body 003ACA
__end_of_pad             text22       004B54
__end_of_putch           text26       0053EC
__end_of_sprintf         text1        0050C2
__end_of_strcpy          text8        004FC6
__end_of_strlen          text23       0052D6
__end_of_strncmp         text4        0049BE
__end_of_tolower         text6        004F68
__end_of_vfpfcnvrt       text3        0019BE
__end_of_vfprintf        text2        004E9E
__end_ofi2___fladd       text46       002340
__end_ofi2___fldiv       text48       0032CC
__end_ofi2___flmul       text47       002B96
__end_ofi2___flsub       text45       0051E6
__end_ofi2___fltol       text44       0046E0
__end_ofi2___xxtofl      text43       00404C
__initialization         cinit        0053C4
__mediumconst            mediumconst  000000
__pbssBANK0              bssBANK0     0000DD
__pbssBANK1              bssBANK1     000100
__pcinit                 cinit        0053C4
__pcstackBANK0           cstackBANK0  000060
__pcstackBANK1           cstackBANK1  00018C
__pcstackCOMRAM          cstackCOMRAM 000001
__pintcode               intcode      000008
__pintcode_body          intcode_body 003868
__psmallconst            smallconst   000800
__ptext0                 text0        0035B0
__ptext1                 text1        005070
__ptext10                text10       0047E6
__ptext11                text11       0044D0
__ptext12                text12       005110
__ptext13                text13       0019BE
__ptext14                text14       005262
__ptext15                text15       002340
__ptext16                text16       0046E0
__ptext17                text17       004D88
__ptext18                text18       002B96
__ptext19                text19       004CD6
__ptext2                 text2        004E34
__ptext20                text20       004B54
__ptext21                text21       0032CC
__ptext22                text22       004A8A
__ptext23                text23       00529C
__ptext24                text24       005158
__ptext25                text25       0049BE
__ptext26                text26       0053EA
__ptext27                text27       0051E6
__ptext28                text28       00436A
__ptext29                text29       0041E0
__ptext3                 text3        001476
__ptext30                text30       00404C
__ptext31                text31       00501C
__ptext32                text32       0052D6
__ptext33                text33       00539C
__ptext34                text34       003CE0
__ptext35                text35       005310
__ptext36                text36       004C1A
__ptext37                text37       0050C2
__ptext38                text38       004E9E
__ptext39                text39       004FC6
__ptext4                 text4        0048E6
__ptext40                text40       005370
__ptext41                text41       005342
__ptext43                text43       003E98
__ptext44                text44       0045D8
__ptext45                text45       0051A0
__ptext46                text46       001E80
__ptext47                text47       00276C
__ptext48                text48       002F32
__ptext5                 text5        00084A
__ptext6                 text6        004F06
__ptext7                 text7        005228
__ptext8                 text8        004F68
__ptext9                 text9        003ACA
__ramtop                 ramtop       000800
__size_of_ADC_LECTURA    (abs)        000000
__size_of_ADC_config     (abs)        000000
__size_of_LCD_Cadena     (abs)        000000
__size_of_LCD_Comando    (abs)        000000
__size_of_LCD_Data       (abs)        000000
__size_of_LCD_Init       (abs)        000000
__size_of_LCD_XY         (abs)        000000
__size_of___aodiv        (abs)        000000
__size_of___aomod        (abs)        000000
__size_of___awdiv        (abs)        000000
__size_of___awmod        (abs)        000000
__size_of___fladd        (abs)        000000
__size_of___fldiv        (abs)        000000
__size_of___fleq         (abs)        000000
__size_of___flge         (abs)        000000
__size_of___flmul        (abs)        000000
__size_of___flneg        (abs)        000000
__size_of___flsub        (abs)        000000
__size_of___fltol        (abs)        000000
__size_of___fpclassifyf  (abs)        000000
__size_of___wmul         (abs)        000000
__size_of___xxtofl       (abs)        000000
__size_of_abs            (abs)        000000
__size_of_atoi           (abs)        000000
__size_of_dtoa           (abs)        000000
__size_of_efgtoa         (abs)        000000
__size_of_floorf         (abs)        000000
__size_of_fputc          (abs)        000000
__size_of_fputs          (abs)        000000
__size_of_isdigit        (abs)        000000
__size_of_isspace        (abs)        000000
__size_of_isupper        (abs)        000000
__size_of_main           (abs)        000000
__size_of_my_isr         (abs)        000000
__size_of_pad            (abs)        000000
__size_of_putch          (abs)        000000
__size_of_sprintf        (abs)        000000
__size_of_strcpy         (abs)        000000
__size_of_strlen         (abs)        000000
__size_of_strncmp        (abs)        000000
__size_of_tolower        (abs)        000000
__size_of_vfpfcnvrt      (abs)        000000
__size_of_vfprintf       (abs)        000000
__size_ofi2___fladd      (abs)        000000
__size_ofi2___fldiv      (abs)        000000
__size_ofi2___flmul      (abs)        000000
__size_ofi2___flsub      (abs)        000000
__size_ofi2___fltol      (abs)        000000
__size_ofi2___xxtofl     (abs)        000000
__smallconst             smallconst   000800
_abs                     text27       0051E6
_atoi                    text30       00404C
_atoi$1323               cstackBANK0  00007D
_atoi$1324               cstackBANK0  000081
_atoi$1325               cstackBANK0  00007F
_datos                   bssBANK1     00016E
_dbuf                    bssBANK1     00011E
_dtoa                    text21       0032CC
_dtoa$1233               cstackBANK0  00009B
_efgtoa                  text5        00084A
_efgtoa$1257             cstackBANK1  000190
_efgtoa$1258             cstackBANK1  000192
_efgtoa$1262             cstackBANK1  000194
_efgtoa$1266             cstackBANK1  000196
_efgtoa$1267             cstackBANK1  000198
_efgtoa$1268             cstackBANK1  00019A
_flag                    bssBANK0     0000E7
_flags                   bssBANK0     0000E5
_floorf                  text9        003ACA
_fputc                   text25       0049BE
_fputs                   text24       005158
_grados                  bssBANK1     000108
_isdigit                 text32       0052D6
_isspace                 text31       00501C
_isspace$1354            cstackBANK0  000074
_isupper                 text7        005228
_kd                      bssBANK1     00010C
_ki                      bssBANK1     000110
_kp                      bssBANK1     000114
_main                    text0        0035B0
_my_isr                  intcode      000008
_my_isr$1720             cstackBANK0  00006A
_my_isr$1721             cstackBANK0  000066
_nout                    bssBANK1     000118
_pad                     text22       004A8A
_pbal                    bssBANK1     00011C
_pot                     bssBANK0     0000DD
_prec                    bssBANK0     0000E3
_putch                   text26       0053EA
_setpoint                bssBANK1     00011A
_sprintf                 text1        005070
_strcpy                  text8        004F68
_strlen                  text23       00529C
_strncmp                 text4        0048E6
_tolower                 text6        004F06
_tolower$1418            cstackBANK0  00007A
_vfpfcnvrt               text3        001476
_vfpfcnvrt$1282          cstackBANK1  0001CC
_vfpfcnvrt$1287          cstackBANK1  0001CE
_vfprintf                text2        004E34
_width                   bssBANK0     0000E1
abs@a                    cstackBANK0  000080
atoi@n                   cstackBANK0  000082
atoi@neg                 cstackBANK0  00007B
atoi@s                   cstackBANK0  000075
btemp                    temp         00005F
dtoa@d                   cstackBANK0  00008B
dtoa@fp                  cstackBANK0  000089
dtoa@i                   cstackBANK0  0000AB
dtoa@n                   cstackBANK0  0000A3
dtoa@p                   cstackBANK0  00009D
dtoa@s                   cstackBANK0  0000A1
dtoa@w                   cstackBANK0  00009F
efgtoa@c                 cstackBANK0  0000CB
efgtoa@d                 cstackBANK1  0001A4
efgtoa@e                 cstackBANK1  0001BC
efgtoa@f                 cstackBANK0  0000C7
efgtoa@fp                cstackBANK0  0000C5
efgtoa@g                 cstackBANK1  0001B8
efgtoa@h                 cstackBANK1  0001AE
efgtoa@i                 cstackBANK1  0001B6
efgtoa@l                 cstackBANK1  0001B2
efgtoa@m                 cstackBANK1  0001A0
efgtoa@mode              cstackBANK1  0001AD
efgtoa@n                 cstackBANK1  0001BE
efgtoa@ne                cstackBANK1  0001A2
efgtoa@nmode             cstackBANK1  0001AA
efgtoa@ou                cstackBANK1  00018C
efgtoa@p                 cstackBANK1  0001A8
efgtoa@pp                cstackBANK1  00019E
efgtoa@sign              cstackBANK1  0001A6
efgtoa@t                 cstackBANK1  00019C
efgtoa@u                 cstackBANK1  0001C0
efgtoa@w                 cstackBANK1  0001AB
end_of_initialization    cinit        0053DC
floorf@F524              bssBANK1     000100
floorf@e                 cstackBANK0  0000BF
floorf@m                 cstackBANK0  0000BB
floorf@u                 cstackBANK0  0000C1
floorf@x                 cstackBANK0  0000B1
fputc@c                  cstackBANK0  00006E
fputc@fp                 cstackBANK0  000070
fputs@c                  cstackBANK0  00007B
fputs@fp                 cstackBANK0  000079
fputs@i                  cstackBANK0  00007C
fputs@s                  cstackBANK0  000077
i2___fladd               text46       001E80
i2___fladd@a             cstackCOMRAM 000045
i2___fladd@aexp          cstackCOMRAM 00004E
i2___fladd@b             cstackCOMRAM 000041
i2___fladd@bexp          cstackCOMRAM 00004F
i2___fladd@grs           cstackCOMRAM 000050
i2___fladd@signs         cstackCOMRAM 00004D
i2___fldiv               text48       002F32
i2___fldiv@a             cstackCOMRAM 00002C
i2___fldiv@aexp          cstackCOMRAM 000040
i2___fldiv@b             cstackCOMRAM 000028
i2___fldiv@bexp          cstackCOMRAM 00003F
i2___fldiv@grs           cstackCOMRAM 00003B
i2___fldiv@new_exp       cstackCOMRAM 000039
i2___fldiv@rem           cstackCOMRAM 000034
i2___fldiv@sign          cstackCOMRAM 000038
i2___flmul               text47       00276C
i2___flmul@a             cstackCOMRAM 000013
i2___flmul@aexp          cstackCOMRAM 000020
i2___flmul@b             cstackCOMRAM 00000F
i2___flmul@bexp          cstackCOMRAM 000021
i2___flmul@grs           cstackCOMRAM 00001C
i2___flmul@prod          cstackCOMRAM 000022
i2___flmul@sign          cstackCOMRAM 00001B
i2___flmul@temp          cstackCOMRAM 000026
i2___flsub               text45       0051A0
i2___flsub@a             cstackCOMRAM 000055
i2___flsub@b             cstackCOMRAM 000051
i2___fltol               text44       0045D8
i2___fltol@exp1          cstackCOMRAM 00005E
i2___fltol@f1            cstackCOMRAM 000059
i2___fltol@sign1         cstackCOMRAM 00005D
i2___xxtofl              text43       003E98
i2___xxtofl@arg          cstackCOMRAM 00000B
i2___xxtofl@exp          cstackCOMRAM 00000A
i2___xxtofl@sign         cstackCOMRAM 000009
i2___xxtofl@val          cstackCOMRAM 000001
int$flags                temp         00005F
int_func                 intcode_body 003868
intlevel0                text         000000
intlevel1                text         000000
intlevel2                text         000000
intlevel3                text         000000
isdigit@c                cstackBANK0  00006E
isspace@c                cstackBANK0  00006E
isupper@c                cstackBANK0  00006E
pad@buf                  cstackBANK0  000080
pad@fp                   cstackBANK0  00007E
pad@i                    cstackBANK0  000085
pad@p                    cstackBANK0  000082
pad@w                    cstackBANK0  000087
sprintf@ap               cstackBANK1  0001F0
sprintf@f                cstackBANK1  0001F2
sprintf@fmt              cstackBANK1  0001E0
sprintf@s                cstackBANK1  0001DE
stackhi                  (abs)        0007FF
stacklo                  (abs)        0001F8
start                    init         00000E
start_initialization     cinit        0053C4
strcpy@d                 cstackBANK0  000076
strcpy@dest              cstackBANK0  00006E
strcpy@s                 cstackBANK0  000074
strcpy@src               cstackBANK0  000070
strlen@a                 cstackBANK0  000070
strlen@s                 cstackBANK0  00006E
strncmp@_l               cstackBANK0  00006E
strncmp@_r               cstackBANK0  000070
strncmp@l                cstackBANK0  000075
strncmp@n                cstackBANK0  000072
strncmp@r                cstackBANK0  000077
tolower@c                cstackBANK0  000074
ttemp5                   temp         000060
ttemp6                   temp         000063
ttemp7                   temp         000067
vfpfcnvrt@ap             cstackBANK0  0000D5
vfpfcnvrt@c              cstackBANK1  0001D7
vfpfcnvrt@ct             cstackBANK1  0001D4
vfpfcnvrt@f              cstackBANK1  0001D0
vfpfcnvrt@fmt            cstackBANK0  0000D3
vfpfcnvrt@fp             cstackBANK0  0000D1
vfpfcnvrt@ll             cstackBANK1  0001C4
vfprintf@ap              cstackBANK1  0001DC
vfprintf@cfmt            cstackBANK0  0000DB
vfprintf@fmt             cstackBANK1  0001DA
vfprintf@fp              cstackBANK1  0001D8
wtemp8                   temp         000060


FUNCTION INFORMATION:

 *************** function _main *****************
 Defined at:
		line 20 in file "Balancin.c"
 Parameters:    Size  Location     Type
		None
 Auto vars:     Size  Location     Type
		None
 Return value:  Size  Location     Type
                  1    wreg      void 
 Registers used:
		wreg, fsr1l, fsr1h, fsr2l, fsr2h, status,2, status,0, tblptrl, tblptrh, tblptru, prodl, prodh, cstack
 Tracked objects:
		On entry : 
		On exit  : 
		Unchanged: 
 Data sizes:     COMRAM   BANK0   BANK1   BANK2   BANK3   BANK4   BANK5   BANK6   BANK7
      Params:         0       0       0       0       0       0       0       0       0
      Locals:         0       0       0       0       0       0       0       0       0
      Temps:          0       0       0       0       0       0       0       0       0
      Totals:         0       0       0       0       0       0       0       0       0
Total ram usage:        0 bytes
 Hardware stack levels required when called:   11
 This function calls:
		_ADC_LECTURA
		_ADC_config
		_LCD_Cadena
		_LCD_Init
		_LCD_XY
		___fldiv
		___flmul
		___xxtofl
		_sprintf
 This function is called by:
		Startup code after reset
 This function uses a non-reentrant model


 *************** function _sprintf *****************
 Defined at:
		line 9 in file "C:\Program Files\Microchip\xc8\v2.20\pic\sources\c99\common\nf_sprintf.c"
 Parameters:    Size  Location     Type
  s               2   82[BANK1 ] PTR unsigned char 
		 -> datos(30), 
  fmt             2   84[BANK1 ] PTR const unsigned char 
		 -> STR_5(10), STR_4(15), 
 Auto vars:     Size  Location     Type
  f               6  102[BANK1 ] struct _IO_FILE
  ap              2  100[BANK1 ] PTR void [1]
		 -> ?_sprintf(2), 
  ret             2    0        int 
 Return value:  Size  Location     Type
                  2   82[BANK1 ] int 
 Registers used:
		wreg, fsr1l, fsr1h, fsr2l, fsr2h, status,2, status,0, tblptrl, tblptrh, tblptru, prodl, prodh, cstack
 Tracked objects:
		On entry : 
		On exit  : 
		Unchanged: 
 Data sizes:     COMRAM   BANK0   BANK1   BANK2   BANK3   BANK4   BANK5   BANK6   BANK7
      Params:         0       0      16       0       0       0       0       0       0
      Locals:         0       0      10       0       0       0       0       0       0
      Temps:          0       0       0       0       0       0       0       0       0
      Totals:         0       0      26       0       0       0       0       0       0
Total ram usage:       26 bytes
 Hardware stack levels used:    1
 Hardware stack levels required when called:   10
 This function calls:
		_vfprintf
 This function is called by:
		_main
 This function uses a non-reentrant model


 *************** function _vfprintf *****************
 Defined at:
		line 1368 in file "C:\Program Files\Microchip\xc8\v2.20\pic\sources\c99\common\doprnt.c"
 Parameters:    Size  Location     Type
  fp              2   76[BANK1 ] PTR struct _IO_FILE
		 -> sprintf@f(6), 
  fmt             2   78[BANK1 ] PTR const unsigned char 
		 -> STR_5(10), STR_4(15), 
  ap              2   80[BANK1 ] PTR PTR void 
		 -> sprintf@ap(2), 
 Auto vars:     Size  Location     Type
  cfmt            2  123[BANK0 ] PTR unsigned char 
		 -> STR_5(10), STR_4(15), 
 Return value:  Size  Location     Type
                  2   76[BANK1 ] int 
 Registers used:
		wreg, fsr1l, fsr1h, fsr2l, fsr2h, status,2, status,0, tblptrl, tblptrh, tblptru, prodl, prodh, cstack
 Tracked objects:
		On entry : 
		On exit  : 
		Unchanged: 
 Data sizes:     COMRAM   BANK0   BANK1   BANK2   BANK3   BANK4   BANK5   BANK6   BANK7
      Params:         0       0       6       0       0       0       0       0       0
      Locals:         0       2       0       0       0       0       0       0       0
      Temps:          0       0       0       0       0       0       0       0       0
      Totals:         0       2       6       0       0       0       0       0       0
Total ram usage:        8 bytes
 Hardware stack levels used:    1
 Hardware stack levels required when called:    9
 This function calls:
		_vfpfcnvrt
 This function is called by:
		_sprintf
 This function uses a non-reentrant model


 *************** function _vfpfcnvrt *****************
 Defined at:
		line 670 in file "C:\Program Files\Microchip\xc8\v2.20\pic\sources\c99\common\doprnt.c"
 Parameters:    Size  Location     Type
  fp              2  113[BANK0 ] PTR struct _IO_FILE
		 -> sprintf@f(6), 
  fmt             2  115[BANK0 ] PTR PTR unsigned char 
		 -> vfprintf@cfmt(2), 
  ap              2  117[BANK0 ] PTR PTR void 
		 -> sprintf@ap(2), 
 Auto vars:     Size  Location     Type
  ll              8   56[BANK1 ] long long 
  llu             8    0        unsigned long long 
  f               4   68[BANK1 ] unsigned long long 
  ct              3   72[BANK1 ] unsigned char [3]
  vp              3    0        PTR void 
  cp              3    0        PTR unsigned char 
  i               2    0        int 
  done            2    0        int 
  c               1   75[BANK1 ] unsigned char 
 Return value:  Size  Location     Type
                  2  113[BANK0 ] int 
 Registers used:
		wreg, fsr1l, fsr1h, fsr2l, fsr2h, status,2, status,0, tblptrl, tblptrh, tblptru, prodl, prodh, cstack
 Tracked objects:
		On entry : 
		On exit  : 
		Unchanged: 
 Data sizes:     COMRAM   BANK0   BANK1   BANK2   BANK3   BANK4   BANK5   BANK6   BANK7
      Params:         0       6       0       0       0       0       0       0       0
      Locals:         0       0      20       0       0       0       0       0       0
      Temps:          0       4       0       0       0       0       0       0       0
      Totals:         0      10      20       0       0       0       0       0       0
Total ram usage:       30 bytes
 Hardware stack levels used:    1
 Hardware stack levels required when called:    8
 This function calls:
		_atoi
		_dtoa
		_efgtoa
		_fputc
		_isdigit
		_isupper
		_strncmp
		_tolower
 This function is called by:
		_vfprintf
 This function uses a non-reentrant model


 *************** function _strncmp *****************
 Defined at:
		line 3 in file "C:\Program Files\Microchip\xc8\v2.20\pic\sources\c99\common\strncmp.c"
 Parameters:    Size  Location     Type
  _l              2   14[BANK0 ] PTR const unsigned char 
		 -> vfpfcnvrt@ct(3), 
  _r              2   16[BANK0 ] PTR const unsigned char 
		 -> STR_16(3), 
  n               2   18[BANK0 ] unsigned int 
 Auto vars:     Size  Location     Type
  r               2   23[BANK0 ] PTR const unsigned char 
		 -> STR_16(3), 
  l               2   21[BANK0 ] PTR const unsigned char 
		 -> vfpfcnvrt@ct(3), 
 Return value:  Size  Location     Type
                  2   14[BANK0 ] int 
 Registers used:
		wreg, fsr2l, fsr2h, status,2, status,0, tblptrl, tblptrh, tblptru
 Tracked objects:
		On entry : 
		On exit  : 
		Unchanged: 
 Data sizes:     COMRAM   BANK0   BANK1   BANK2   BANK3   BANK4   BANK5   BANK6   BANK7
      Params:         0       6       0       0       0       0       0       0       0
      Locals:         0       4       0       0       0       0       0       0       0
      Temps:          0       1       0       0       0       0       0       0       0
      Totals:         0      11       0       0       0       0       0       0       0
Total ram usage:       11 bytes
 Hardware stack levels used:    1
 Hardware stack levels required when called:    3
 This function calls:
		Nothing
 This function is called by:
		_vfpfcnvrt
 This function uses a non-reentrant model


 *************** function _efgtoa *****************
 Defined at:
		line 319 in file "C:\Program Files\Microchip\xc8\v2.20\pic\sources\c99\common\doprnt.c"
 Parameters:    Size  Location     Type
  fp              2  101[BANK0 ] PTR struct _IO_FILE
		 -> sprintf@f(6), 
  f               4  103[BANK0 ] PTR struct _IO_FILE
  c               1  107[BANK0 ] unsigned char 
 Auto vars:     Size  Location     Type
  u               4   52[BANK1 ] unsigned char 
  g               4   44[BANK1 ] unsigned char 
  l               4   38[BANK1 ] unsigned char 
  h               4   34[BANK1 ] unsigned char 
  ou              4    0[BANK1 ] unsigned char 
  n               2   50[BANK1 ] int 
  e               2   48[BANK1 ] int 
  i               2   42[BANK1 ] int 
  w               2   31[BANK1 ] int 
  p               2   28[BANK1 ] int 
  sign            2   26[BANK1 ] int 
  d               2   24[BANK1 ] int 
  ne              2   22[BANK1 ] int 
  m               2   20[BANK1 ] int 
  pp              2   18[BANK1 ] int 
  t               2   16[BANK1 ] int 
  mode            1   33[BANK1 ] unsigned char 
  nmode           1   30[BANK1 ] unsigned char 
 Return value:  Size  Location     Type
                  2  101[BANK0 ] int 
 Registers used:
		wreg, fsr1l, fsr1h, fsr2l, fsr2h, status,2, status,0, tblptrl, tblptrh, tblptru, prodl, prodh, cstack
 Tracked objects:
		On entry : 
		On exit  : 
		Unchanged: 
 Data sizes:     COMRAM   BANK0   BANK1   BANK2   BANK3   BANK4   BANK5   BANK6   BANK7
      Params:         0       7       0       0       0       0       0       0       0
      Locals:         0       0      56       0       0       0       0       0       0
      Temps:          0       5       0       0       0       0       0       0       0
      Totals:         0      12      56       0       0       0       0       0       0
Total ram usage:       68 bytes
 Hardware stack levels used:    1
 Hardware stack levels required when called:    7
 This function calls:
		___awdiv
		___awmod
		___fladd
		___fldiv
		___fleq
		___flge
		___flmul
		___flneg
		___flsub
		___fltol
		___fpclassifyf
		_floorf
		_isupper
		_pad
		_strcpy
		_tolower
 This function is called by:
		_vfpfcnvrt
 This function uses a non-reentrant model


 *************** function _tolower *****************
 Defined at:
		line 4 in file "C:\Program Files\Microchip\xc8\v2.20\pic\sources\c99\common\tolower.c"
 Parameters:    Size  Location     Type
  c               2   20[BANK0 ] int 
 Auto vars:     Size  Location     Type
		None
 Return value:  Size  Location     Type
                  2   20[BANK0 ] int 
 Registers used:
		wreg, status,2, status,0
 Tracked objects:
		On entry : 
		On exit  : 
		Unchanged: 
 Data sizes:     COMRAM   BANK0   BANK1   BANK2   BANK3   BANK4   BANK5   BANK6   BANK7
      Params:         0       2       0       0       0       0       0       0       0
      Locals:         0       2       0       0       0       0       0       0       0
      Temps:          0       4       0       0       0       0       0       0       0
      Totals:         0       8       0       0       0       0       0       0       0
Total ram usage:        8 bytes
 Hardware stack levels used:    1
 Hardware stack levels required when called:    4
 This function calls:
		_isupper
 This function is called by:
		_efgtoa
		_vfpfcnvrt
 This function uses a non-reentrant model


 *************** function _isupper *****************
 Defined at:
		line 5 in file "C:\Program Files\Microchip\xc8\v2.20\pic\sources\c99\common\isupper.c"
 Parameters:    Size  Location     Type
  c               2   14[BANK0 ] int 
 Auto vars:     Size  Location     Type
		None
 Return value:  Size  Location     Type
                  2   14[BANK0 ] int 
 Registers used:
		wreg, status,2, status,0
 Tracked objects:
		On entry : 
		On exit  : 
		Unchanged: 
 Data sizes:     COMRAM   BANK0   BANK1   BANK2   BANK3   BANK4   BANK5   BANK6   BANK7
      Params:         0       2       0       0       0       0       0       0       0
      Locals:         0       0       0       0       0       0       0       0       0
      Temps:          0       4       0       0       0       0       0       0       0
      Totals:         0       6       0       0       0       0       0       0       0
Total ram usage:        6 bytes
 Hardware stack levels used:    1
 Hardware stack levels required when called:    3
 This function calls:
		Nothing
 This function is called by:
		_efgtoa
		_vfpfcnvrt
		_tolower
 This function uses a non-reentrant model


 *************** function _strcpy *****************
 Defined at:
		line 3 in file "C:\Program Files\Microchip\xc8\v2.20\pic\sources\c99\common\strcpy.c"
 Parameters:    Size  Location     Type
  dest            2   14[BANK0 ] PTR unsigned char 
		 -> dbuf(80), 
  src             2   16[BANK0 ] PTR const unsigned char 
		 -> STR_11(4), STR_10(4), STR_7(4), STR_6(4), 
		 -> dbuf(80), 
 Auto vars:     Size  Location     Type
  d               2   22[BANK0 ] PTR unsigned char 
		 -> dbuf(80), 
  s               2   20[BANK0 ] PTR const unsigned char 
		 -> STR_11(4), STR_10(4), STR_7(4), STR_6(4), 
		 -> dbuf(80), 
 Return value:  Size  Location     Type
                  2   14[BANK0 ] PTR unsigned char 
 Registers used:
		wreg, fsr1l, fsr1h, fsr2l, fsr2h, status,2, status,0, tblptrl, tblptrh, tblptru
 Tracked objects:
		On entry : 
		On exit  : 
		Unchanged: 
 Data sizes:     COMRAM   BANK0   BANK1   BANK2   BANK3   BANK4   BANK5   BANK6   BANK7
      Params:         0       4       0       0       0       0       0       0       0
      Locals:         0       4       0       0       0       0       0       0       0
      Temps:          0       2       0       0       0       0       0       0       0
      Totals:         0      10       0       0       0       0       0       0       0
Total ram usage:       10 bytes
 Hardware stack levels used:    1
 Hardware stack levels required when called:    3
 This function calls:
		Nothing
 This function is called by:
		_efgtoa
 This function uses a non-reentrant model


 *************** function _floorf *****************
 Defined at:
		line 3 in file "C:\Program Files\Microchip\xc8\v2.20\pic\sources\c99\common\floorf.c"
 Parameters:    Size  Location     Type
  x               4   81[BANK0 ] float 
 Auto vars:     Size  Location     Type
  u               4   97[BANK0 ] struct .
  m               4   91[BANK0 ] unsigned long 
  e               2   95[BANK0 ] int 
 Return value:  Size  Location     Type
                  4   81[BANK0 ] float 
 Registers used:
		wreg, status,2, status,0
 Tracked objects:
		On entry : 
		On exit  : 
		Unchanged: 
 Data sizes:     COMRAM   BANK0   BANK1   BANK2   BANK3   BANK4   BANK5   BANK6   BANK7
      Params:         0       4       0       0       0       0       0       0       0
      Locals:         0      10       0       0       0       0       0       0       0
      Temps:          0       6       0       0       0       0       0       0       0
      Totals:         0      20       0       0       0       0       0       0       0
Total ram usage:       20 bytes
 Hardware stack levels used:    1
 Hardware stack levels required when called:    3
 This function calls:
		Nothing
 This function is called by:
		_efgtoa
 This function uses a non-reentrant model


 *************** function ___fpclassifyf *****************
 Defined at:
		line 4 in file "C:\Program Files\Microchip\xc8\v2.20\pic\sources\c99\common\__fpclassifyf.c"
 Parameters:    Size  Location     Type
  x               4   14[BANK0 ] float 
 Auto vars:     Size  Location     Type
  u               4   24[BANK0 ] struct .
  e               2   22[BANK0 ] int 
 Return value:  Size  Location     Type
                  2   14[BANK0 ] int 
 Registers used:
		wreg, status,2, status,0
 Tracked objects:
		On entry : 
		On exit  : 
		Unchanged: 
 Data sizes:     COMRAM   BANK0   BANK1   BANK2   BANK3   BANK4   BANK5   BANK6   BANK7
      Params:         0       4       0       0       0       0       0       0       0
      Locals:         0       6       0       0       0       0       0       0       0
      Temps:          0       4       0       0       0       0       0       0       0
      Totals:         0      14       0       0       0       0       0       0       0
Total ram usage:       14 bytes
 Hardware stack levels used:    1
 Hardware stack levels required when called:    3
 This function calls:
		Nothing
 This function is called by:
		_efgtoa
 This function uses a non-reentrant model


 *************** function ___fltol *****************
 Defined at:
		line 43 in file "C:\Program Files\Microchip\xc8\v2.20\pic\sources\c99\common\fltol.c"
 Parameters:    Size  Location     Type
  f1              4   14[BANK0 ] int 
 Auto vars:     Size  Location     Type
  exp1            1   23[BANK0 ] unsigned char 
  sign1           1   22[BANK0 ] unsigned char 
 Return value:  Size  Location     Type
                  4   14[BANK0 ] long 
 Registers used:
		wreg, status,2, status,0
 Tracked objects:
		On entry : 
		On exit  : 
		Unchanged: 
 Data sizes:     COMRAM   BANK0   BANK1   BANK2   BANK3   BANK4   BANK5   BANK6   BANK7
      Params:         0       4       0       0       0       0       0       0       0
      Locals:         0       2       0       0       0       0       0       0       0
      Temps:          0       4       0       0       0       0       0       0       0
      Totals:         0      10       0       0       0       0       0       0       0
Total ram usage:       10 bytes
 Hardware stack levels used:    1
 Hardware stack levels required when called:    3
 This function calls:
		Nothing
 This function is called by:
		_efgtoa
 This function uses a non-reentrant model


 *************** function ___flsub *****************
 Defined at:
		line 245 in file "C:\Program Files\Microchip\xc8\v2.20\pic\sources\c99\common\sprcadd.c"
 Parameters:    Size  Location     Type
  b               4   56[BANK0 ] long 
  a               4   60[BANK0 ] long 
 Auto vars:     Size  Location     Type
		None
 Return value:  Size  Location     Type
                  4   56[BANK0 ] long 
 Registers used:
		wreg, status,2, status,0, cstack
 Tracked objects:
		On entry : 
		On exit  : 
		Unchanged: 
 Data sizes:     COMRAM   BANK0   BANK1   BANK2   BANK3   BANK4   BANK5   BANK6   BANK7
      Params:         0       8       0       0       0       0       0       0       0
      Locals:         0       0       0       0       0       0       0       0       0
      Temps:          0       0       0       0       0       0       0       0       0
      Totals:         0       8       0       0       0       0       0       0       0
Total ram usage:        8 bytes
 Hardware stack levels used:    1
 Hardware stack levels required when called:    4
 This function calls:
		___fladd
 This function is called by:
		_efgtoa
 This function uses a non-reentrant model


 *************** function ___fladd *****************
 Defined at:
		line 10 in file "C:\Program Files\Microchip\xc8\v2.20\pic\sources\c99\common\sprcadd.c"
 Parameters:    Size  Location     Type
  b               4   14[BANK0 ] long 
  a               4   18[BANK0 ] long 
 Auto vars:     Size  Location     Type
  grs             1   29[BANK0 ] unsigned char 
  bexp            1   28[BANK0 ] unsigned char 
  aexp            1   27[BANK0 ] unsigned char 
  signs           1   26[BANK0 ] unsigned char 
 Return value:  Size  Location     Type
                  4   14[BANK0 ] unsigned char 
 Registers used:
		wreg, status,2, status,0
 Tracked objects:
		On entry : 
		On exit  : 
		Unchanged: 
 Data sizes:     COMRAM   BANK0   BANK1   BANK2   BANK3   BANK4   BANK5   BANK6   BANK7
      Params:         0       8       0       0       0       0       0       0       0
      Locals:         0       4       0       0       0       0       0       0       0
      Temps:          0       4       0       0       0       0       0       0       0
      Totals:         0      16       0       0       0       0       0       0       0
Total ram usage:       16 bytes
 Hardware stack levels used:    1
 Hardware stack levels required when called:    3
 This function calls:
		Nothing
 This function is called by:
		___flsub
		_efgtoa
 This function uses a non-reentrant model


 *************** function ___flneg *****************
 Defined at:
		line 15 in file "C:\Program Files\Microchip\xc8\v2.20\pic\sources\c99\common\flneg.c"
 Parameters:    Size  Location     Type
  f1              4   14[BANK0 ] unsigned char 
 Auto vars:     Size  Location     Type
		None
 Return value:  Size  Location     Type
                  4   14[BANK0 ] unsigned char 
 Registers used:
		wreg, status,2, status,0
 Tracked objects:
		On entry : 
		On exit  : 
		Unchanged: 
 Data sizes:     COMRAM   BANK0   BANK1   BANK2   BANK3   BANK4   BANK5   BANK6   BANK7
      Params:         0       4       0       0       0       0       0       0       0
      Locals:         0       0       0       0       0       0       0       0       0
      Temps:          0       0       0       0       0       0       0       0       0
      Totals:         0       4       0       0       0       0       0       0       0
Total ram usage:        4 bytes
 Hardware stack levels used:    1
 Hardware stack levels required when called:    3
 This function calls:
		Nothing
 This function is called by:
		_efgtoa
 This function uses a non-reentrant model


 *************** function ___flmul *****************
 Defined at:
		line 8 in file "C:\Program Files\Microchip\xc8\v2.20\pic\sources\c99\common\sprcmul.c"
 Parameters:    Size  Location     Type
  b               4   31[BANK0 ] unsigned char 
  a               4   35[BANK0 ] unsigned char 
 Auto vars:     Size  Location     Type
  prod            4   50[BANK0 ] struct .
  grs             4   45[BANK0 ] unsigned long 
  temp            2   54[BANK0 ] struct .
  bexp            1   49[BANK0 ] unsigned char 
  aexp            1   44[BANK0 ] unsigned char 
  sign            1   43[BANK0 ] unsigned char 
 Return value:  Size  Location     Type
                  4   31[BANK0 ] unsigned char 
 Registers used:
		wreg, status,2, status,0, prodl, prodh
 Tracked objects:
		On entry : 
		On exit  : 
		Unchanged: 
 Data sizes:     COMRAM   BANK0   BANK1   BANK2   BANK3   BANK4   BANK5   BANK6   BANK7
      Params:         0       8       0       0       0       0       0       0       0
      Locals:         0      13       0       0       0       0       0       0       0
      Temps:          0       4       0       0       0       0       0       0       0
      Totals:         0      25       0       0       0       0       0       0       0
Total ram usage:       25 bytes
 Hardware stack levels used:    1
 Hardware stack levels required when called:    3
 This function calls:
		Nothing
 This function is called by:
		_main
		_efgtoa
 This function uses a non-reentrant model


 *************** function ___flge *****************
 Defined at:
		line 4 in file "C:\Program Files\Microchip\xc8\v2.20\pic\sources\c99\common\flge.c"
 Parameters:    Size  Location     Type
  ff1             4   56[BANK0 ] unsigned char 
  ff2             4   60[BANK0 ] unsigned char 
 Auto vars:     Size  Location     Type
		None
 Return value:  Size  Location     Type
		None               void
 Registers used:
		wreg, status,2, status,0
 Tracked objects:
		On entry : 
		On exit  : 
		Unchanged: 
 Data sizes:     COMRAM   BANK0   BANK1   BANK2   BANK3   BANK4   BANK5   BANK6   BANK7
      Params:         0       8       0       0       0       0       0       0       0
      Locals:         0       0       0       0       0       0       0       0       0
      Temps:          0       4       0       0       0       0       0       0       0
      Totals:         0      12       0       0       0       0       0       0       0
Total ram usage:       12 bytes
 Hardware stack levels used:    1
 Hardware stack levels required when called:    3
 This function calls:
		Nothing
 This function is called by:
		_efgtoa
 This function uses a non-reentrant model


 *************** function ___fleq *****************
 Defined at:
		line 4 in file "C:\Program Files\Microchip\xc8\v2.20\pic\sources\c99\common\fleq.c"
 Parameters:    Size  Location     Type
  ff1             4   14[BANK0 ] unsigned char 
  ff2             4   18[BANK0 ] unsigned char 
 Auto vars:     Size  Location     Type
		None
 Return value:  Size  Location     Type
		None               void
 Registers used:
		wreg, status,2, status,0
 Tracked objects:
		On entry : 
		On exit  : 
		Unchanged: 
 Data sizes:     COMRAM   BANK0   BANK1   BANK2   BANK3   BANK4   BANK5   BANK6   BANK7
      Params:         0       8       0       0       0       0       0       0       0
      Locals:         0       0       0       0       0       0       0       0       0
      Temps:          0       4       0       0       0       0       0       0       0
      Totals:         0      12       0       0       0       0       0       0       0
Total ram usage:       12 bytes
 Hardware stack levels used:    1
 Hardware stack levels required when called:    3
 This function calls:
		Nothing
 This function is called by:
		_efgtoa
 This function uses a non-reentrant model


 *************** function ___fldiv *****************
 Defined at:
		line 11 in file "C:\Program Files\Microchip\xc8\v2.20\pic\sources\c99\common\sprcdiv.c"
 Parameters:    Size  Location     Type
  b               4   56[BANK0 ] unsigned char 
  a               4   60[BANK0 ] unsigned char 
 Auto vars:     Size  Location     Type
  grs             4   75[BANK0 ] unsigned long 
  rem             4   68[BANK0 ] unsigned long 
  new_exp         2   73[BANK0 ] short 
  aexp            1   80[BANK0 ] unsigned char 
  bexp            1   79[BANK0 ] unsigned char 
  sign            1   72[BANK0 ] unsigned char 
 Return value:  Size  Location     Type
                  4   56[BANK0 ] unsigned char 
 Registers used:
		wreg, status,2, status,0
 Tracked objects:
		On entry : 
		On exit  : 
		Unchanged: 
 Data sizes:     COMRAM   BANK0   BANK1   BANK2   BANK3   BANK4   BANK5   BANK6   BANK7
      Params:         0       8       0       0       0       0       0       0       0
      Locals:         0      13       0       0       0       0       0       0       0
      Temps:          0       4       0       0       0       0       0       0       0
      Totals:         0      25       0       0       0       0       0       0       0
Total ram usage:       25 bytes
 Hardware stack levels used:    1
 Hardware stack levels required when called:    3
 This function calls:
		Nothing
 This function is called by:
		_main
		_efgtoa
 This function uses a non-reentrant model


 *************** function ___awmod *****************
 Defined at:
		line 7 in file "C:\Program Files\Microchip\xc8\v2.20\pic\sources\c99\common\awmod.c"
 Parameters:    Size  Location     Type
  dividend        2   14[BANK0 ] int 
  divisor         2   16[BANK0 ] int 
 Auto vars:     Size  Location     Type
  sign            1   19[BANK0 ] unsigned char 
  counter         1   18[BANK0 ] unsigned char 
 Return value:  Size  Location     Type
                  2   14[BANK0 ] int 
 Registers used:
		wreg, status,2, status,0
 Tracked objects:
		On entry : 
		On exit  : 
		Unchanged: 
 Data sizes:     COMRAM   BANK0   BANK1   BANK2   BANK3   BANK4   BANK5   BANK6   BANK7
      Params:         0       4       0       0       0       0       0       0       0
      Locals:         0       2       0       0       0       0       0       0       0
      Temps:          0       0       0       0       0       0       0       0       0
      Totals:         0       6       0       0       0       0       0       0       0
Total ram usage:        6 bytes
 Hardware stack levels used:    1
 Hardware stack levels required when called:    3
 This function calls:
		Nothing
 This function is called by:
		_efgtoa
 This function uses a non-reentrant model


 *************** function ___awdiv *****************
 Defined at:
		line 7 in file "C:\Program Files\Microchip\xc8\v2.20\pic\sources\c99\common\awdiv.c"
 Parameters:    Size  Location     Type
  dividend        2   14[BANK0 ] int 
  divisor         2   16[BANK0 ] int 
 Auto vars:     Size  Location     Type
  quotient        2   20[BANK0 ] int 
  sign            1   19[BANK0 ] unsigned char 
  counter         1   18[BANK0 ] unsigned char 
 Return value:  Size  Location     Type
                  2   14[BANK0 ] int 
 Registers used:
		wreg, status,2, status,0
 Tracked objects:
		On entry : 
		On exit  : 
		Unchanged: 
 Data sizes:     COMRAM   BANK0   BANK1   BANK2   BANK3   BANK4   BANK5   BANK6   BANK7
      Params:         0       4       0       0       0       0       0       0       0
      Locals:         0       4       0       0       0       0       0       0       0
      Temps:          0       0       0       0       0       0       0       0       0
      Totals:         0       8       0       0       0       0       0       0       0
Total ram usage:        8 bytes
 Hardware stack levels used:    1
 Hardware stack levels required when called:    3
 This function calls:
		Nothing
 This function is called by:
		_efgtoa
 This function uses a non-reentrant model


 *************** function _dtoa *****************
 Defined at:
		line 274 in file "C:\Program Files\Microchip\xc8\v2.20\pic\sources\c99\common\doprnt.c"
 Parameters:    Size  Location     Type
  fp              2   41[BANK0 ] PTR struct _IO_FILE
		 -> sprintf@f(6), 
  d               8   43[BANK0 ] long long 
 Auto vars:     Size  Location     Type
  n               8   67[BANK0 ] long long 
  i               2   75[BANK0 ] int 
  s               2   65[BANK0 ] int 
  w               2   63[BANK0 ] int 
  p               2   61[BANK0 ] int 
 Return value:  Size  Location     Type
                  2   41[BANK0 ] int 
 Registers used:
		wreg, fsr1l, fsr1h, fsr2l, fsr2h, status,2, status,0, cstack
 Tracked objects:
		On entry : 
		On exit  : 
		Unchanged: 
 Data sizes:     COMRAM   BANK0   BANK1   BANK2   BANK3   BANK4   BANK5   BANK6   BANK7
      Params:         0      10       0       0       0       0       0       0       0
      Locals:         0      18       0       0       0       0       0       0       0
      Temps:          0       8       0       0       0       0       0       0       0
      Totals:         0      36       0       0       0       0       0       0       0
Total ram usage:       36 bytes
 Hardware stack levels used:    1
 Hardware stack levels required when called:    7
 This function calls:
		___aodiv
		___aomod
		_abs
		_pad
 This function is called by:
		_vfpfcnvrt
 This function uses a non-reentrant model


 *************** function _pad *****************
 Defined at:
		line 72 in file "C:\Program Files\Microchip\xc8\v2.20\pic\sources\c99\common\doprnt.c"
 Parameters:    Size  Location     Type
  fp              2   30[BANK0 ] PTR struct _IO_FILE
		 -> sprintf@f(6), 
  buf             2   32[BANK0 ] PTR unsigned char 
		 -> dbuf(80), 
  p               2   34[BANK0 ] int 
 Auto vars:     Size  Location     Type
  w               2   39[BANK0 ] int 
  i               2   37[BANK0 ] int 
 Return value:  Size  Location     Type
                  2   30[BANK0 ] int 
 Registers used:
		wreg, fsr1l, fsr1h, fsr2l, fsr2h, status,2, status,0, cstack
 Tracked objects:
		On entry : 
		On exit  : 
		Unchanged: 
 Data sizes:     COMRAM   BANK0   BANK1   BANK2   BANK3   BANK4   BANK5   BANK6   BANK7
      Params:         0       6       0       0       0       0       0       0       0
      Locals:         0       4       0       0       0       0       0       0       0
      Temps:          0       1       0       0       0       0       0       0       0
      Totals:         0      11       0       0       0       0       0       0       0
Total ram usage:       11 bytes
 Hardware stack levels used:    1
 Hardware stack levels required when called:    6
 This function calls:
		_fputc
		_fputs
		_strlen
 This function is called by:
		_dtoa
		_efgtoa
 This function uses a non-reentrant model


 *************** function _strlen *****************
 Defined at:
		line 5 in file "C:\Program Files\Microchip\xc8\v2.20\pic\sources\c99\common\strlen.c"
[...]
      Temps:          0       0       0       0       0       0       0       0       0
      Totals:         0       2       0       0       0       0       0       0       0
Total ram usage:        2 bytes
 Hardware stack levels used:    1
 Hardware stack levels required when called:    4
 This function calls:
		_LCD_Data
 This function is called by:
		_main
		_LCD_Clear
 This function uses a non-reentrant model


 *************** function _LCD_Data *****************
 Defined at:
		line 131 in file "./LCD_Libreria.h"
 Parameters:    Size  Location     Type
  data            1    wreg     unsigned char 
 Auto vars:     Size  Location     Type
  data            1   14[BANK0 ] unsigned char 
 Return value:  Size  Location     Type
                  1    wreg      void 
 Registers used:
		wreg, status,2, status,0
 Tracked objects:
		On entry : 
		On exit  : 
		Unchanged: 
 Data sizes:     COMRAM   BANK0   BANK1   BANK2   BANK3   BANK4   BANK5   BANK6   BANK7
      Params:         0       0       0       0       0       0       0       0       0
      Locals:         0       1       0       0       0       0       0       0       0
      Temps:          0       0       0       0       0       0       0       0       0
      Totals:         0       1       0       0       0       0       0       0       0
Total ram usage:        1 bytes
 Hardware stack levels used:    1
 Hardware stack levels required when called:    3
 This function calls:
		Nothing
 This function is called by:
		_LCD_Cadena
 This function uses a non-reentrant model


 *************** function _ADC_config *****************
 Defined at:
		line 1 in file "./ADC.h"
 Parameters:    Size  Location     Type
		None
 Auto vars:     Size  Location     Type
		None
 Return value:  Size  Location     Type
                  1    wreg      void 
 Registers used:
		wreg, status,2
 Tracked objects:
		On entry : 
		On exit  : 
		Unchanged: 
 Data sizes:     COMRAM   BANK0   BANK1   BANK2   BANK3   BANK4   BANK5   BANK6   BANK7
      Params:         0       0       0       0       0       0       0       0       0
      Locals:         0       0       0       0       0       0       0       0       0
      Temps:          0       0       0       0       0       0       0       0       0
      Totals:         0       0       0       0       0       0       0       0       0
Total ram usage:        0 bytes
 Hardware stack levels used:    1
 Hardware stack levels required when called:    3
 This function calls:
		Nothing
 This function is called by:
		_main
 This function uses a non-reentrant model


 *************** function _ADC_LECTURA *****************
 Defined at:
		line 58 in file "Balancin.c"
 Parameters:    Size  Location     Type
  canal           2   14[BANK0 ] int 
 Auto vars:     Size  Location     Type
		None
 Return value:  Size  Location     Type
                  2   14[BANK0 ] int 
 Registers used:
		wreg, status,2, status,0
 Tracked objects:
		On entry : 
		On exit  : 
		Unchanged: 
 Data sizes:     COMRAM   BANK0   BANK1   BANK2   BANK3   BANK4   BANK5   BANK6   BANK7
      Params:         0       2       0       0       0       0       0       0       0
      Locals:         0       0       0       0       0       0       0       0       0
      Temps:          0       1       0       0       0       0       0       0       0
      Totals:         0       3       0       0       0       0       0       0       0
Total ram usage:        3 bytes
 Hardware stack levels used:    1
 Hardware stack levels required when called:    3
 This function calls:
		Nothing
 This function is called by:
		_main
 This function uses a non-reentrant model


 *************** function _my_isr *****************
 Defined at:
		line 65 in file "Balancin.c"
 Parameters:    Size  Location     Type
		None
 Auto vars:     Size  Location     Type
		None
 Return value:  Size  Location     Type
                  1    wreg      void 
 Registers used:
		wreg, status,2, status,0, prodl, prodh, cstack
 Tracked objects:
		On entry : 
		On exit  : 
		Unchanged: 
 Data sizes:     COMRAM   BANK0   BANK1   BANK2   BANK3   BANK4   BANK5   BANK6   BANK7
      Params:         0       0       0       0       0       0       0       0       0
      Locals:         0       8       0       0       0       0       0       0       0
      Temps:          0       2       0       0       0       0       0       0       0
      Totals:         0      10       0       0       0       0       0       0       0
Total ram usage:       10 bytes
 Hardware stack levels used:    1
 Hardware stack levels required when called:    2
 This function calls:
		i2___fladd
		i2___fldiv
		i2___flmul
		i2___flsub
		i2___fltol
		i2___xxtofl
 This function is called by:
		Interrupt level 2
 This function uses a non-reentrant model


 *************** function i2___xxtofl *****************
 Defined at:
		line 10 in file "C:\Program Files\Microchip\xc8\v2.20\pic\sources\c99\common\xxtofl.c"
 Parameters:    Size  Location     Type
  sign            1    wreg     unsigned char 
  val             4    0[COMRAM] long 
 Auto vars:     Size  Location     Type
  sign            1    8[COMRAM] unsigned char 
  arg             4   10[COMRAM] unsigned long 
  exp             1    9[COMRAM] unsigned char 
 Return value:  Size  Location     Type
                  4    0[COMRAM] unsigned char 
 Registers used:
		wreg, status,2, status,0
 Tracked objects:
		On entry : 
		On exit  : 
		Unchanged: 
 Data sizes:     COMRAM   BANK0   BANK1   BANK2   BANK3   BANK4   BANK5   BANK6   BANK7
      Params:         4       0       0       0       0       0       0       0       0
      Locals:         6       0       0       0       0       0       0       0       0
      Temps:          4       0       0       0       0       0       0       0       0
      Totals:        14       0       0       0       0       0       0       0       0
Total ram usage:       14 bytes
 Hardware stack levels used:    1
 This function calls:
		Nothing
 This function is called by:
		_my_isr
 This function uses a non-reentrant model


 *************** function i2___fltol *****************
 Defined at:
		line 43 in file "C:\Program Files\Microchip\xc8\v2.20\pic\sources\c99\common\fltol.c"
 Parameters:    Size  Location     Type
  f1              4   88[COMRAM] unsigned char 
 Auto vars:     Size  Location     Type
  exp1            1   93[COMRAM] unsigned char 
  sign1           1   92[COMRAM] unsigned char 
 Return value:  Size  Location     Type
                  4   88[COMRAM] long 
 Registers used:
		wreg, status,2, status,0
 Tracked objects:
		On entry : 
		On exit  : 
		Unchanged: 
 Data sizes:     COMRAM   BANK0   BANK1   BANK2   BANK3   BANK4   BANK5   BANK6   BANK7
      Params:         4       0       0       0       0       0       0       0       0
      Locals:         2       0       0       0       0       0       0       0       0
      Temps:          0       4       0       0       0       0       0       0       0
      Totals:         6       4       0       0       0       0       0       0       0
Total ram usage:       10 bytes
 Hardware stack levels used:    1
 This function calls:
		Nothing
 This function is called by:
		_my_isr
 This function uses a non-reentrant model


 *************** function i2___flsub *****************
 Defined at:
		line 245 in file "C:\Program Files\Microchip\xc8\v2.20\pic\sources\c99\common\sprcadd.c"
 Parameters:    Size  Location     Type
  b               4   80[COMRAM] long 
  a               4   84[COMRAM] long 
 Auto vars:     Size  Location     Type
		None
 Return value:  Size  Location     Type
                  4   80[COMRAM] long 
 Registers used:
		wreg, status,2, status,0, cstack
 Tracked objects:
		On entry : 
		On exit  : 
		Unchanged: 
 Data sizes:     COMRAM   BANK0   BANK1   BANK2   BANK3   BANK4   BANK5   BANK6   BANK7
      Params:         8       0       0       0       0       0       0       0       0
      Locals:         0       0       0       0       0       0       0       0       0
      Temps:          0       0       0       0       0       0       0       0       0
      Totals:         8       0       0       0       0       0       0       0       0
Total ram usage:        8 bytes
 Hardware stack levels used:    1
 Hardware stack levels required when called:    1
 This function calls:
		i2___fladd
 This function is called by:
		_my_isr
 This function uses a non-reentrant model


 *************** function i2___fladd *****************
 Defined at:
		line 10 in file "C:\Program Files\Microchip\xc8\v2.20\pic\sources\c99\common\sprcadd.c"
 Parameters:    Size  Location     Type
  b               4   64[COMRAM] long 
  a               4   68[COMRAM] long 
 Auto vars:     Size  Location     Type
  grs             1   79[COMRAM] unsigned char 
  bexp            1   78[COMRAM] unsigned char 
  aexp            1   77[COMRAM] unsigned char 
  signs           1   76[COMRAM] unsigned char 
 Return value:  Size  Location     Type
                  4   64[COMRAM] unsigned char 
 Registers used:
		wreg, status,2, status,0
 Tracked objects:
		On entry : 
		On exit  : 
		Unchanged: 
 Data sizes:     COMRAM   BANK0   BANK1   BANK2   BANK3   BANK4   BANK5   BANK6   BANK7
      Params:         8       0       0       0       0       0       0       0       0
      Locals:         4       0       0       0       0       0       0       0       0
      Temps:          4       0       0       0       0       0       0       0       0
      Totals:        16       0       0       0       0       0       0       0       0
Total ram usage:       16 bytes
 Hardware stack levels used:    1
 This function calls:
		Nothing
 This function is called by:
		_my_isr
		i2___flsub
 This function uses a non-reentrant model


 *************** function i2___flmul *****************
 Defined at:
		line 8 in file "C:\Program Files\Microchip\xc8\v2.20\pic\sources\c99\common\sprcmul.c"
 Parameters:    Size  Location     Type
  b               4   14[COMRAM] unsigned char 
  a               4   18[COMRAM] unsigned char 
 Auto vars:     Size  Location     Type
  prod            4   33[COMRAM] struct .
  grs             4   27[COMRAM] unsigned long 
  temp            2   37[COMRAM] struct .
  bexp            1   32[COMRAM] unsigned char 
  aexp            1   31[COMRAM] unsigned char 
  sign            1   26[COMRAM] unsigned char 
 Return value:  Size  Location     Type
                  4   14[COMRAM] unsigned char 
 Registers used:
		wreg, status,2, status,0, prodl, prodh
 Tracked objects:
		On entry : 
		On exit  : 
		Unchanged: 
 Data sizes:     COMRAM   BANK0   BANK1   BANK2   BANK3   BANK4   BANK5   BANK6   BANK7
      Params:         8       0       0       0       0       0       0       0       0
      Locals:        13       0       0       0       0       0       0       0       0
      Temps:          4       0       0       0       0       0       0       0       0
      Totals:        25       0       0       0       0       0       0       0       0
Total ram usage:       25 bytes
 Hardware stack levels used:    1
 This function calls:
		Nothing
 This function is called by:
		_my_isr
 This function uses a non-reentrant model


 *************** function i2___fldiv *****************
 Defined at:
		line 11 in file "C:\Program Files\Microchip\xc8\v2.20\pic\sources\c99\common\sprcdiv.c"
 Parameters:    Size  Location     Type
  b               4   39[COMRAM] unsigned char 
  a               4   43[COMRAM] unsigned char 
 Auto vars:     Size  Location     Type
  grs             4   58[COMRAM] unsigned long 
  rem             4   51[COMRAM] unsigned long 
  new_exp         2   56[COMRAM] short 
  aexp            1   63[COMRAM] unsigned char 
  bexp            1   62[COMRAM] unsigned char 
  sign            1   55[COMRAM] unsigned char 
 Return value:  Size  Location     Type
                  4   39[COMRAM] unsigned char 
 Registers used:
		wreg, status,2, status,0
 Tracked objects:
		On entry : 
		On exit  : 
		Unchanged: 
 Data sizes:     COMRAM   BANK0   BANK1   BANK2   BANK3   BANK4   BANK5   BANK6   BANK7
      Params:         8       0       0       0       0       0       0       0       0
      Locals:        13       0       0       0       0       0       0       0       0
      Temps:          4       0       0       0       0       0       0       0       0
      Totals:        25       0       0       0       0       0       0       0       0
Total ram usage:       25 bytes
 Hardware stack levels used:    1
 This function calls:
		Nothing
 This function is called by:
		_my_isr
 This function uses a non-reentrant model



MODULE INFORMATION

Module		Function		Class		Link	Load	Size
Balancin.c
		_ADC_LECTURA   		CODE           	5342	0000	47
		_main          		CODE           	35B0	0000	697
		_my_isr        		CODE           	0008	0000	617

Balancin.c estimated size: 1361

C:\Program Files\Microchip\xc8\v2.20\pic\sources\c99\common\nf_fputc.c
		_fputc         		CODE           	49BE	0000	205

C:\Program Files\Microchip\xc8\v2.20\pic\sources\c99\common\nf_fputc.c estimated size: 205

C:\Program Files\Microchip\xc8\v2.20\pic\sources\c99\common\isdigit.c
		_isdigit       		CODE           	52D6	0000	59

C:\Program Files\Microchip\xc8\v2.20\pic\sources\c99\common\isdigit.c estimated size: 59

C:\Program Files\Microchip\xc8\v2.20\pic\sources\c99\common\sprcadd.c
		___flsub       		CODE           	5110	0000	73
		___fladd       		CODE           	19BE	0000	1219

C:\Program Files\Microchip\xc8\v2.20\pic\sources\c99\common\sprcadd.c estimated size: 1292

C:\Program Files\Microchip\xc8\v2.20\pic\sources\c99\common\doprnt.c
		_vfpfcnvrt     		CODE           	1476	0000	1353
		_efgtoa        		CODE           	084A	0000	3117
		_pad           		CODE           	4A8A	0000	203
		_dtoa          		CODE           	32CC	0000	741
		_vfprintf      		CODE           	4E34	0000	107

C:\Program Files\Microchip\xc8\v2.20\pic\sources\c99\common\doprnt.c estimated size: 5521

./ADC.h
		_ADC_config    		CODE           	5370	0000	45

./ADC.h estimated size: 45

C:\Program Files\Microchip\xc8\v2.20\pic\sources\c99\common\flneg.c
		___flneg       		CODE           	5262	0000	59

C:\Program Files\Microchip\xc8\v2.20\pic\sources\c99\common\flneg.c estimated size: 59

C:\Program Files\Microchip\xc8\v2.20\pic\sources\c99\common\Umul16.c
		___wmul        		CODE           	539C	0000	41

C:\Program Files\Microchip\xc8\v2.20\pic\sources\c99\common\Umul16.c estimated size: 41

C:\Program Files\Microchip\xc8\v2.20\pic\sources\c99\common\aomod.c
		___aomod       		CODE           	436A	0000	359

C:\Program Files\Microchip\xc8\v2.20\pic\sources\c99\common\aomod.c estimated size: 359

C:\Program Files\Microchip\xc8\v2.20\pic\sources\c99\common\flge.c
		___flge        		CODE           	46E0	0000	263

C:\Program Files\Microchip\xc8\v2.20\pic\sources\c99\common\flge.c estimated size: 263

C:\Program Files\Microchip\xc8\v2.20\pic\sources\c99\common\nf_sprintf.c
		_sprintf       		CODE           	5070	0000	83

C:\Program Files\Microchip\xc8\v2.20\pic\sources\c99\common\nf_sprintf.c estimated size: 83

C:\Program Files\Microchip\xc8\v2.20\pic\sources\c99\common\awmod.c
		___awmod       		CODE           	4CD6	0000	179

C:\Program Files\Microchip\xc8\v2.20\pic\sources\c99\common\awmod.c estimated size: 179

C:\Program Files\Microchip\xc8\v2.20\pic\sources\c99\common\putch.c
		_putch         		CODE           	53EA	0000	3

C:\Program Files\Microchip\xc8\v2.20\pic\sources\c99\common\putch.c estimated size: 3

C:\Program Files\Microchip\xc8\v2.20\pic\sources\c99\common\nf_fputs.c
		_fputs         		CODE           	5158	0000	73

C:\Program Files\Microchip\xc8\v2.20\pic\sources\c99\common\nf_fputs.c estimated size: 73

C:\Program Files\Microchip\xc8\v2.20\pic\sources\c99\common\isupper.c
		_isupper       		CODE           	5228	0000	59

C:\Program Files\Microchip\xc8\v2.20\pic\sources\c99\common\isupper.c estimated size: 59

shared
		i2___fladd     		CODE           	1E80	0000	1217
		i2___fldiv     		CODE           	2F32	0000	923
		i2___fltol     		CODE           	45D8	0000	265
		__initialization		CODE           	53C4	0000	25
		i2___flmul     		CODE           	276C	0000	1067
		i2___xxtofl    		CODE           	3E98	0000	437
		i2___flsub     		CODE           	51A0	0000	71

shared estimated size: 4005

C:\Program Files\Microchip\xc8\v2.20\pic\sources\c99\common\isspace.c
		_isspace       		CODE           	501C	0000	85

C:\Program Files\Microchip\xc8\v2.20\pic\sources\c99\common\isspace.c estimated size: 85

C:\Program Files\Microchip\xc8\v2.20\pic\sources\c99\common\aodiv.c
		___aodiv       		CODE           	41E0	0000	395

C:\Program Files\Microchip\xc8\v2.20\pic\sources\c99\common\aodiv.c estimated size: 395

C:\Program Files\Microchip\xc8\v2.20\pic\sources\c99\common\abs.c
		_abs           		CODE           	51E6	0000	67

C:\Program Files\Microchip\xc8\v2.20\pic\sources\c99\common\abs.c estimated size: 67

C:\Program Files\Microchip\xc8\v2.20\pic\sources\c99\common\strlen.c
		_strlen        		CODE           	529C	0000	59

C:\Program Files\Microchip\xc8\v2.20\pic\sources\c99\common\strlen.c estimated size: 59

C:\Program Files\Microchip\xc8\v2.20\pic\sources\c99\common\strncmp.c
		_strncmp       		CODE           	48E6	0000	217

C:\Program Files\Microchip\xc8\v2.20\pic\sources\c99\common\strncmp.c estimated size: 217

C:\Program Files\Microchip\xc8\v2.20\pic\sources\c99\common\tolower.c
		_tolower       		CODE           	4F06	0000	99

C:\Program Files\Microchip\xc8\v2.20\pic\sources\c99\common\tolower.c estimated size: 99

C:\Program Files\Microchip\xc8\v2.20\pic\sources\c99\common\floorf.c
		_floorf        		CODE           	3ACA	0000	535

C:\Program Files\Microchip\xc8\v2.20\pic\sources\c99\common\floorf.c estimated size: 535

C:\Program Files\Microchip\xc8\v2.20\pic\sources\c99\common\sprcmul.c
		___flmul       		CODE           	2340	0000	1069

C:\Program Files\Microchip\xc8\v2.20\pic\sources\c99\common\sprcmul.c estimated size: 1069

C:\Program Files\Microchip\xc8\v2.20\pic\sources\c99\common\strcpy.c
		_strcpy        		CODE           	4F68	0000	95

C:\Program Files\Microchip\xc8\v2.20\pic\sources\c99\common\strcpy.c estimated size: 95

C:\Program Files\Microchip\xc8\v2.20\pic\sources\c99\common\sprcdiv.c
		___fldiv       		CODE           	2B96	0000	925

C:\Program Files\Microchip\xc8\v2.20\pic\sources\c99\common\sprcdiv.c estimated size: 925

C:\Program Files\Microchip\xc8\v2.20\pic\sources\c99\common\awdiv.c
		___awdiv       		CODE           	4B54	0000	199

C:\Program Files\Microchip\xc8\v2.20\pic\sources\c99\common\awdiv.c estimated size: 199

C:\Program Files\Microchip\xc8\v2.20\pic\sources\c99\common\atoi.c
		_atoi          		CODE           	404C	0000	405

C:\Program Files\Microchip\xc8\v2.20\pic\sources\c99\common\atoi.c estimated size: 405

C:\Program Files\Microchip\xc8\v2.20\pic\sources\c99\common\__fpclassifyf.c
		___fpclassifyf 		CODE           	47E6	0000	257

C:\Program Files\Microchip\xc8\v2.20\pic\sources\c99\common\__fpclassifyf.c estimated size: 257

C:\Program Files\Microchip\xc8\v2.20\pic\sources\c99\common\fltol.c
		___fltol       		CODE           	44D0	0000	265

C:\Program Files\Microchip\xc8\v2.20\pic\sources\c99\common\fltol.c estimated size: 265

C:\Program Files\Microchip\xc8\v2.20\pic\sources\c99\common\fleq.c
		___fleq        		CODE           	4D88	0000	173

C:\Program Files\Microchip\xc8\v2.20\pic\sources\c99\common\fleq.c estimated size: 173

C:\Program Files\Microchip\xc8\v2.20\pic\sources\c99\common\xxtofl.c
		___xxtofl      		CODE           	3CE0	0000	441

C:\Program Files\Microchip\xc8\v2.20\pic\sources\c99\common\xxtofl.c estimated size: 441

./LCD_Libreria.h
		_LCD_Init      		CODE           	4C1A	0000	189
		_LCD_Cadena    		CODE           	4E9E	0000	105
		_LCD_Comando   		CODE           	50C2	0000	79
		_LCD_XY        		CODE           	5310	0000	51
		_LCD_Data      		CODE           	4FC6	0000	87

./LCD_Libreria.h estimated size: 511

